{"HostConfigHash":"cae9437","CardHash":"38eb7aa","Error":"Parsing card failed"}