{"HostConfigHash":"cae9437","CardHash":"6ee6558","Error":null}