{"HostConfigHash":"cae9437","CardHash":"76939e7","Error":null}