{"HostConfigHash":"cae9437","CardHash":"3510bb1","Error":null}