{"HostConfigHash":"cae9437","CardHash":"3d8c762","Error":null}