{"HostConfigHash":"cae9437","CardHash":"08cf331","Error":null}