{"HostConfigHash":"cae9437","CardHash":"5805912","Error":null}