{"HostConfigHash":"35dfd68","CardHash":"0fcc9cb","Error":null}