{"HostConfigHash":"35dfd68","CardHash":"ad6bd2b","Error":null}