{"HostConfigHash":"35dfd68","CardHash":"bf3f699","Error":null}