{"HostConfigHash":"35dfd68","CardHash":"727ee34","Error":null}