{"HostConfigHash":"35dfd68","CardHash":"e33f36b","Error":null}