{"HostConfigHash":"35dfd68","CardHash":"a2461b0","Error":null}