{"HostConfigHash":"35dfd68","CardHash":"c5fe14d","Error":null}