{"HostConfigHash":"35dfd68","CardHash":"a3a3dda","Error":null}