{"HostConfigHash":"35dfd68","CardHash":"7103502","Error":null}