{"HostConfigHash":"35dfd68","CardHash":"602333b","Error":null}