{"HostConfigHash":"35dfd68","CardHash":"fea3e25","Error":null}