{"HostConfigHash":"35dfd68","CardHash":"e177d51","Error":null}