{"HostConfigHash":"9bb8aa2","CardHash":"8152c36","Error":null}