{"HostConfigHash":"9bb8aa2","CardHash":"f554355","Error":null}