{"HostConfigHash":"9bb8aa2","CardHash":"988d4ba","Error":null}