{"HostConfigHash":"9bb8aa2","CardHash":"dbaa7f7","Error":null}