{"HostConfigHash":"9bb8aa2","CardHash":"23b3178","Error":null}