{"HostConfigHash":"9bb8aa2","CardHash":"e27ee59","Error":null}