{"HostConfigHash":"9bb8aa2","CardHash":"8ee1ce1","Error":null}