{"HostConfigHash":"b2b93fe","CardHash":"05307db","Error":null}