{"HostConfigHash":"b2b93fe","CardHash":"38eb7aa","Error":"Parsing card failed"}