{"HostConfigHash":"b2b93fe","CardHash":"348966c","Error":null}