{"HostConfigHash":"b2b93fe","CardHash":"a942a42","Error":null}