{"HostConfigHash":"b2b93fe","CardHash":"6f844da","Error":null}