{"HostConfigHash":"b2b93fe","CardHash":"6ee6558","Error":null}