{"HostConfigHash":"d00cafb","CardHash":"6ac5b76","Error":null}