{"HostConfigHash":"d00cafb","CardHash":"c13acbf","Error":null}