{"HostConfigHash":"6aecbe6","CardHash":"6f844da","Error":null}