{"HostConfigHash":"6aecbe6","CardHash":"68e639f","Error":null}