{"HostConfigHash":"d00cafb","CardHash":"1f01367","Error":null}