{"HostConfigHash":"d00cafb","CardHash":"fa28ce2","Error":null}