{"HostConfigHash":"6aecbe6","CardHash":"258c6e2","Error":null}