{"HostConfigHash":"d00cafb","CardHash":"d2950e0","Error":null}