{"HostConfigHash":"d00cafb","CardHash":"7103502","Error":null}