{"HostConfigHash":"d00cafb","CardHash":"d7c5869","Error":null}