{"HostConfigHash":"68476db","CardHash":"beea57a","Error":null}