{"HostConfigHash":"6aecbe6","CardHash":"3d8c762","Error":null}