{"HostConfigHash":"d00cafb","CardHash":"c99c396","Error":null}