{"HostConfigHash":"6aecbe6","CardHash":"fa28ce2","Error":null}