{"HostConfigHash":"6aecbe6","CardHash":"9a1a538","Error":null}