{"HostConfigHash":"d00cafb","CardHash":"d4dc123","Error":null}