{"HostConfigHash":"6aecbe6","CardHash":"5dcdca1","Error":null}