{"HostConfigHash":"6aecbe6","CardHash":"869d87c","Error":null}